// Jest Snapshot v1, https://goo.gl/fbAQLP

exports[`renders correctly 1`] = `
<View
  style={
    Object {
      "alignContent": "center",
      "alignItems": "center",
      "height": 220,
      "justifyContent": "center",
      "margin": 20,
      "width": "100%",
    }
  }
>
  <Image
    source={
      Object {
        "uri": "https://static.wikia.nocookie.net/simpsons/images/6/65/Bart_Simpson.png/revision/latest/scale-to-width-down/250?cb=20190409004756",
      }
    }
    style={
      Object {
        "height": 200,
        "width": 200,
      }
    }
  />
</View>
`;
